/*устанавливаю Postgres v.15*/ admin@avdonina-vm:~$ sudo apt update && sudo apt upgrade -y -q && sudo sh -c 'echo "deb http://apt.postgresql.org/pub/repos/apt $(lsb_release -cs)-pgdg main" > /etc/apt/sources.list.d/pgdg.list' && wget --quiet -O - https://www.postgresql.org/media/keys/ACCC4CF8.asc | sudo apt-key add - && sudo apt-get update && sudo apt -y install postgresql-15
admin@avdonina-vm:~$ sudo -u postgres pg_lsclusters //проверяю, что кластер запущен
5  main    5432 online postgres /var/lib/postgresql/15/main /var/log/postgresql/postgresql-15-main.log
admin@avdonina-vm:~$ sudo -u postgres psql //захожу из-под пользователя postgres в psql, создаю таблицу, выхожу
psql (15.6 (Ubuntu 15.6-1.pgdg20.04+1))
Type "help" for help.


postgres=#  create table test(c1 text);
CREATE TABLE
postgres=# insert into test values('1');
INSERT 0 1
postgres-# \q
admin@avdonina-vm:~$ sudo -u postgres pg_ctlcluster 15 main stop //останавливаю
Warning: stopping the cluster using pg_ctlcluster will mark the systemd unit as failed. Consider using systemctl:
  sudo systemctl stop postgresql@15-main
admin@avdonina-vm:~$ sudo apt update
admin@avdonina-vm:~$ sudo apt install parted  //устанавливаю Parted
admin@avdonina-vm:~$ sudo parted -l | grep Error 
Error: /dev/vdb: unrecognised disk label  //отсутствует схема разбиения
admin@avdonina-vm:~$ lsblk
NAME   MAJ:MIN RM SIZE RO TYPE MOUNTPOINT
vda    252:0    0  15G  0 disk 
├─vda1 252:1    0   1M  0 part 
└─vda2 252:2    0  15G  0 part /
vdb    252:16   0  10G  0 disk   //нашла вновь созданный диск
admin@avdonina-vm:~$ sudo parted /dev/vdb mklabel gpt //выбираю стандарт GPT
Warning: The existing disk label on /dev/vdb will be destroyed and all data on this disk will be lost. Do you
want to continue?
Yes/No? yes                                                               
Information: You may need to update /etc/fstab.

admin@avdonina-vm:~$ sudo parted -a opt /dev/vdb mkpart primary ext4 0% 100%  //создаю раздел, охватывающий весь диск
Information: You may need to update /etc/fstab.

admin@avdonina-vm:~$ lsblk                                                
NAME   MAJ:MIN RM SIZE RO TYPE MOUNTPOINT
vda    252:0    0  15G  0 disk 
├─vda1 252:1    0   1M  0 part 
└─vda2 252:2    0  15G  0 part /
vdb    252:16   0  10G  0 disk 
└─vdb1 252:17   0  10G  0 part 









